{
   "_24_names.0.first.0": {"type": "com.google.gson.JsonPrimitive"},
   "_24_names.0.first.1": {"type": "com.google.gson.JsonPrimitive"},
   "_24_names.0.last_2e_num_5f_All_7e_w_5c_ed.0": {"type": "com.google.gson.JsonPrimitive"},
   "_24_names.0.last_2e_num_5f_All_7e_w_5c_ed.1": {"type": "com.google.gson.JsonPrimitive"},
   "_24_names.0.last_2e_num_5f_All_7e_w_5c_ed.2": {"type": "com.google.gson.JsonPrimitive"}
}