{
   "$schema": "https://json-schema.org/draft/2020-12/schema",
   "$ref": "#/$defs/root",
   "$defs": {
      "Person": {
         "type": "object",
         "properties": {
            "meals": {
               "type": "array",
               "items": {
                  "type": "string",
                  "example": "fish"
               },
               "minItems": 2,
               "maxItems": 2
            },
            "fav": {
               "type": "array",
               "items": {
                  "type": "string",
                  "example": "dylan"
               }
            }
         },
         "required": ["fav"],
         "additionalProperties": false
      },
      "root": {
         "type": "object",
         "properties": {"Person": {"$ref": "#/$defs/Person"}},
         "required": ["Person"],
         "additionalProperties": false
      }
   }
}