{
   "$schema": "https://json-schema.org/draft/2020-12/schema",
   "$ref": "#/$defs/root",
   "$defs": {
      "Person": {
         "type": "object",
         "properties": {"meals": {"anyOf": [
            {
               "type": "array",
               "maxItems": 0
            },
            {
               "type": "array",
               "items": {
                  "type": "string",
                  "example": "fish"
               },
               "minItems": 2,
               "maxItems": 2
            }
         ]}},
         "required": [],
         "additionalProperties": false
      },
      "root": {
         "type": "object",
         "properties": {"Person": {"$ref": "#/$defs/Person"}},
         "required": ["Person"],
         "additionalProperties": false
      }
   }
}